commit 6de0d3a070d884212d4a3951f5013a20a5622312
Author: Leonardo Moura <leonardo.lealmouraflor@gmail.com>
Date:   Fri Sep 4 10:20:22 2026 -0300

    colocando a borda no video que ficou funcional

commit b459c527a227e66e927dcec91b1f7c6b9c8fb228
Author: Leonardo Moura <leonardo.lealmouraflor@gmail.com>
Date:   Fri Sep 4 10:17:22 2026 -0300

    add os meus commits atuais na pasta log

commit 1f23cb8695eed856a9fa13abdb86ee3ca8e34b23
Author: Leonardo Moura <leonardo.lealmouraflor@gmail.com>
Date:   Fri Sep 4 10:14:48 2026 -0300

    modificando as pastas para corretas

commit ab4c052c689ba456dd94870cf9576357dd5c0e03
Author: Leonardo Moura <leonardo.lealmouraflor@gmail.com>
Date:   Fri Sep 4 10:12:19 2026 -0300

    Continua├º├úo da atividade 03 sobre o meu curriculo

commit bbb39fcf91b6446c8a3fab8f37ae72553afb6222
Author: Leonardo Moura <leonardo.lealmouraflor@gmail.com>
Date:   Thu Sep 3 13:08:12 2026 -0300

    mudando o historico de pasta

commit db133fce331e86f15273bf0227a970bcc6199721
Author: Leonardo Moura <leonardo.lealmouraflor@gmail.com>
Date:   Thu Sep 3 13:07:19 2026 -0300

    criando o historico.log

commit cbb32497dcc465ace93d83276c249c2c2001a15c
Author: Leonardo Moura <leonardo.lealmouraflor@gmail.com>
Date:   Thu Sep 3 12:58:53 2026 -0300

    terminando a parte de colocar o video

commit 4ea2358c8f49f5262e84efd5034a39cdf751791a
Author: Leonardo Moura <leonardo.lealmouraflor@gmail.com>
Date:   Thu Sep 3 12:45:00 2026 -0300

    ├ë o mentalista nao tem jeito

commit b47401c503ae4248754e5f1c8095dc8de9378c34
Author: Leonardo Moura <leonardo.lealmouraflor@gmail.com>
Date:   Thu Sep 3 08:47:29 2026 -0300

    adicionando as imagens no html

commit 5d215a1e6f26ee02b16ef04890080bdef1dc9561
Author: Leonardo Moura <leonardo.lealmouraflor@gmail.com>
Date:   Thu Sep 3 08:26:32 2026 -0300

    Adicionando a cara do site

commit 56296d46722ad41c64647144176076441eeb7d51
Author: Leonardo Moura <leonardo.lealmouraflor@gmail.com>
Date:   Thu Aug 20 09:48:00 2026 -0300

    adicionando a pesquisa no notas e descri├º├úo no readme

commit 98002d2a43d717681db5aaecea217a61a908003f
Author: Leonardo Moura <leonardo.lealmouraflor@gmail.com>
Date:   Fri Aug 14 08:54:21 2026 -0300

    docs: adiciona justificativa da plataforma de hospedagem

commit 43796676cfeb786b1db00fb29e7d228f60a2e7bf
Author: Leonardo Moura <leonardo.lealmouraflor@gmail.com>
Date:   Fri Aug 14 08:31:11 2026 -0300

    docs: adiciona justificativa, infraestrutura e responsividade ao README

commit a6d8068a094e322c3daf1675759e0fa5b0da8dcd
Author: Leonardo Moura <leonardo.lealmouraflor@gmail.com>
Date:   Fri Aug 14 08:01:35 2026 -0300

    modificando o readme

commit 5d01244d69c95f501dfe38abca70903add312212
Author: Leonardo Moura <leonardo.lealmouraflor@gmail.com>
Date:   Fri Aug 14 07:56:04 2026 -0300

    docs: adiciona wireframes das p├íginas

commit 7a6d9c8c1af110b717c26234903a7e466b20ec1c
Author: Leonardo Moura <leonardo.lealmouraflor@gmail.com>
Date:   Thu Aug 13 09:52:00 2026 -0300

    modificando as cores do site no guia de estilo

commit 070e8fea1e4df5e645cc402b9f973122f1fa17bd
Author: Leonardo Moura <leonardo.lealmouraflor@gmail.com>
Date:   Thu Aug 13 09:49:01 2026 -0300

    criando a estiliza├º├úo do site

commit 754e7c149084f95c836bc57395753cb74f77df73
Author: Leonardo Moura <leonardo.lealmouraflor@gmail.com>
Date:   Thu Aug 13 08:45:25 2026 -0300

    adicionando as pastas principais

commit 696dd6da9bde2fd2c2bb6157ce4599db6b6521d6
Author: Leonardo Moura <leonardo.lealmouraflor@gmail.com>
Date:   Thu Aug 6 15:20:03 2026 -0300

    adicionando a pesquisa sobre EAP

commit a8ca71286af344e1f38e4749532800f08625615e
Author: Leonardo Moura <leonardo.lealmouraflor@gmail.com>
Date:   Thu Aug 6 15:08:36 2026 -0300

    excluindo a pasta principal

commit 1470f5a43c9509439f77c000b25ad33587b8f909
Author: Leonardo Moura <leonardo.lealmouraflor@gmail.com>
Date:   Thu Aug 6 15:01:53 2026 -0300

    docs: adiciona o README.md do projeto
